project created: bpm=120, budget=$20.00
generated pop beat: bpm=120 seed=3 variant=1 -> 7 bars (14s), melody: key=-18 [{deg: 9, q: minor}, {deg: 5, q: major}, {deg: 0, q: major}, {deg: 7, q: major}]
beat rendered: 14s -> PROJECT_DIR/beat.wav
imported PROJECT_DIR/beat.wav as track 'vox' (14s)
vox: strength 0 - no correction applied
vox: autotuned (strength=0.6, 103/601 voiced frames corrected) -> PROJECT_DIR/vox_edit1.wav
bpm: 120

pattern 'fill':
| Voice  | Steps            |
|--------|------------------|
| kick   | X.....X.X....... |
| snare  | ................ |
| hihat  | X.XXXXXXXXXXXXXX |
| clap   | ..X.X.....X.X... |
| ohat   | ..............X. |
| tom    | ................ |
| crash  | X............... |
| sub808 | ................ |

pattern 'intro':
| Voice  | Steps            |
|--------|------------------|
| kick   | ................ |
| snare  | ................ |
| hihat  | X.X.X.X.X.X.X.X. |
| clap   | ................ |
| ohat   | ................ |
| tom    | ................ |
| crash  | ................ |
| sub808 | ................ |

pattern 'main':
| Voice  | Steps            |
|--------|------------------|
| kick   | X.....X.X....... |
| snare  | ................ |
| hihat  | XXX.X.XXXXXXX.XX |
| clap   | ....X.......X... |
| ohat   | ................ |
| tom    | ................ |
| crash  | ................ |
| sub808 | ................ |

melody: key=-18 semitones from A4, progression loop: [{deg: 9, q: minor}, {deg: 5, q: major}, {deg: 0, q: major}, {deg: 7, q: major}]

arrangement (7 bars, 14s): [intro, intro, main, fill, main, main, intro]

| Track | Length (s) | Gain (dB) | Pan | Mute  |
|-------|------------|-----------|-----|-------|
| beat  | 14         | 0         | 0   | false |
| vox   | 14         | 0         | 0   | false |

budget: $20.00  spent: $0.00  remaining: $20.00
