project created: bpm=140, budget=$20.00
snare step 4 -> on
hihat step 2 -> on
clap step 8 -> on
beat rendered: 1.71s -> PROJECT_DIR/beat.wav
imported PROJECT_DIR/beat.wav as track 'extra'
beat: gain=0dB pan=0 mute=false
extra: gain=-6dB pan=0.5 mute=false
preview (free, mix + normalize only, no EQ/compression/limiting): PROJECT_DIR/preview.wav
peak: -3 dBFS
mastered -> PROJECT_DIR/master_1.wav
peak: -1 dBFS, rms: -23.83 dBFS
charged: $1.00, remaining: $19.00
bpm: 140

| Voice | Steps            |
|-------|------------------|
| kick  | ................ |
| snare | ....X........... |
| hihat | ..X............. |
| clap  | ........X....... |

| Track | Gain (dB) | Pan | Mute  |
|-------|-----------|-----|-------|
| beat  | 0         | 0   | false |
| extra | -6        | 0.5 | false |

last master: PROJECT_DIR/master_1.wav (peak -1 dBFS)
budget: $20.00  spent: $1.00  remaining: $19.00
