project created: bpm=120, budget=$20.00
generated larz beat: bpm=100 seed=6 groove={kick: [0, 6, 13], accent_voice: clap, accent: [4, 11], tom: [2, 10], sub808: false, hat_prob: 0.5, hat_start: 0, hat_step: 1, ohat_positions: [], ohat_prob: 0.6} -> 7 bars (16.8s), melody: key=-21 [{deg: 0, q: minor}, {deg: 5, q: minor}, {deg: 3, q: major}, {deg: 10, q: major}]
beat rendered: 16.8s -> PROJECT_DIR/beat.wav
imported PROJECT_DIR/beat.wav as track 'vox' (16.8s)
vox_harmony: 16.8s -> PROJECT_DIR/vox_harmony.wav (third above, chord-aware, 229/722 voiced frames)
vox_fifth: 16.8s -> PROJECT_DIR/vox_fifth.wav (fifth above, chord-aware, 229/722 voiced frames)
bpm: 100

pattern 'fill':
| Voice  | Steps            |
|--------|------------------|
| kick   | X.....X......X.. |
| snare  | ................ |
| hihat  | ..XXX.X..XXX.... |
| clap   | ..X.X.....XX.... |
| ohat   | ................ |
| tom    | ..X.......X..... |
| crash  | X............... |
| sub808 | ................ |

pattern 'intro':
| Voice  | Steps            |
|--------|------------------|
| kick   | X............... |
| snare  | ................ |
| hihat  | ..X...X.X.X..... |
| clap   | ................ |
| ohat   | ................ |
| tom    | ................ |
| crash  | ................ |
| sub808 | ................ |

pattern 'main':
| Voice  | Steps            |
|--------|------------------|
| kick   | X.....X......X.. |
| snare  | ................ |
| hihat  | .X..XX..XXX..XX. |
| clap   | ....X......X.... |
| ohat   | ................ |
| tom    | ..X.......X..... |
| crash  | ................ |
| sub808 | ................ |

melody: key=-21 semitones from A4, progression loop: [{deg: 0, q: minor}, {deg: 5, q: minor}, {deg: 3, q: major}, {deg: 10, q: major}]

arrangement (7 bars, 16.8s): [intro, intro, main, fill, main, main, intro]

| Track       | Length (s) | Gain (dB) | Pan | Mute  |
|-------------|------------|-----------|-----|-------|
| beat        | 16.8       | 0         | 0   | false |
| vox         | 16.8       | 0         | 0   | false |
| vox_harmony | 16.8       | -6        | 0   | false |
| vox_fifth   | 16.8       | -8        | 0   | false |

budget: $20.00  spent: $0.00  remaining: $20.00
