project created: bpm=140, budget=$20.00
generated trap beat: bpm=140 seed=7 -> 8 bars (13.7s), melody: key=-12 [{deg: 0, q: minor}, {deg: 8, q: major}, {deg: 3, q: major}, {deg: 10, q: major}]
beat rendered: 13.71s -> PROJECT_DIR/beat.wav
melody rendered: 13.71s -> PROJECT_DIR/melody.wav
beat: gain=0dB pan=0 mute=false
melody: gain=-4dB pan=0 mute=false
preview (free, mix + safety limiter only, no EQ/compression): PROJECT_DIR/preview.wav
peak: -1 dBFS
mastered -> PROJECT_DIR/master_1.wav
peak: -1 dBFS, rms: -16.93 dBFS
charged: $1.00, remaining: $19.00
bpm: 140

pattern 'fill':
| Voice  | Steps            |
|--------|------------------|
| kick   | X.........X..... |
| snare  | ..X...X...X...X. |
| hihat  | XXXXX.XXX..XXXXX |
| clap   | ....X.......X... |
| ohat   | ..............X. |
| tom    | ................ |
| crash  | X............... |
| sub808 | X.........X..... |

pattern 'intro':
| Voice  | Steps            |
|--------|------------------|
| kick   | X............... |
| snare  | ................ |
| hihat  | X...X...X...X... |
| clap   | ................ |
| ohat   | ................ |
| tom    | ................ |
| crash  | ................ |
| sub808 | ................ |

pattern 'main':
| Voice  | Steps            |
|--------|------------------|
| kick   | X.....X...X..... |
| snare  | ................ |
| hihat  | .XXXXXXXXXXXXXXX |
| clap   | ....X.......X... |
| ohat   | ..............X. |
| tom    | ................ |
| crash  | ................ |
| sub808 | X.........X..... |

melody: key=-12 semitones from A4, progression loop: [{deg: 0, q: minor}, {deg: 8, q: major}, {deg: 3, q: major}, {deg: 10, q: major}]

arrangement (8 bars, 13.7s): [intro, intro, main, main, fill, main, main, intro]

| Track  | Length (s) | Gain (dB) | Pan | Mute  |
|--------|------------|-----------|-----|-------|
| beat   | 13.7       | 0         | 0   | false |
| melody | 13.7       | -4        | 0   | false |

last master: PROJECT_DIR/master_1.wav (peak -1 dBFS)
budget: $20.00  spent: $1.00  remaining: $19.00
