project created: bpm=120, budget=$20.00
generated pop beat: bpm=120 seed=3 variant=1 -> 8 bars (16s), melody: disabled
beat rendered: 16s -> PROJECT_DIR/beat.wav
melody disabled for this project (generate was run with --no-melody)
bpm: 120

pattern 'fill':
| Voice  | Steps            |
|--------|------------------|
| kick   | X.....X.X....... |
| snare  | ................ |
| hihat  | X.XXXXXXXXXXXXXX |
| clap   | ..X.X.....X.X... |
| ohat   | ..............X. |
| tom    | ................ |
| crash  | X............... |
| sub808 | ................ |

pattern 'intro':
| Voice  | Steps            |
|--------|------------------|
| kick   | ................ |
| snare  | ................ |
| hihat  | X.X.X.X.X.X.X.X. |
| clap   | ................ |
| ohat   | ................ |
| tom    | ................ |
| crash  | ................ |
| sub808 | ................ |

pattern 'main':
| Voice  | Steps            |
|--------|------------------|
| kick   | X.....X.X....... |
| snare  | ................ |
| hihat  | XXX.X.XXXXXXX.XX |
| clap   | ....X.......X... |
| ohat   | ................ |
| tom    | ................ |
| crash  | ................ |
| sub808 | ................ |

melody: key=-18 semitones from A4, progression loop: disabled (--no-melody)

arrangement (8 bars, 16s): [intro, intro, main, main, fill, main, main, intro]

| Track | Length (s) | Gain (dB) | Pan | Mute  |
|-------|------------|-----------|-----|-------|
| beat  | 16         | 0         | 0   | false |

budget: $20.00  spent: $0.00  remaining: $20.00
